Program
  List
    Func ID="a"
      List
      List
        IdDecl ID="x"
        IdDecl ID="y"
        IdUse ID="x"
          Add
            Mul
              Numeral NUMERAL="5"
              Numeral NUMERAL="2"
            Numeral NUMERAL="3"
        IdUse ID="y"
          Add
            Numeral NUMERAL="3"
            Mul
              Numeral NUMERAL="5"
              Numeral NUMERAL="2"
