Program
  List
    Func ID="a"
      List
      List
        IdDecl ID="x"
          Opt
        IdDecl ID="y"
          Opt
        IdUse ID="x"
          Numeral NUMERAL="5"
        IdUse ID="y"
          Name ID="x"
