Program
  List
    Func ID="a"
      List
      List
        IdDecl ID="x"
        IdDecl ID="y"
        IdUse ID="x"
          Ge
            Numeral NUMERAL="5"
            Add
              Mul
                Numeral NUMERAL="3"
                Numeral NUMERAL="2"
              Numeral NUMERAL="4"
        IdUse ID="y"
          Not
            Add
              Numeral NUMERAL="4"
              Mul
                Numeral NUMERAL="3"
                Numeral NUMERAL="2"
            Numeral NUMERAL="1"
