Program
  List
    Func ID="a"
      List
      List
        IdDecl ID="x"
        IdDecl ID="y"
        IdUse ID="x"
          Mul
            Numeral NUMERAL="5"
            Add
              Numeral NUMERAL="2"
              Numeral NUMERAL="3"
        IdUse ID="y"
          Mul
            Add
              Numeral NUMERAL="3"
              Numeral NUMERAL="5"
            Numeral NUMERAL="2"
