Program
  List
    Func ID="x"
      List
      List
    Func ID="y"
      List
      List
