Program
  List
    Func ID="a"
      List
      List
        IdDecl ID="x"
        IdDecl ID="y"
        IdUse ID="x"
          Sub
            Div
              Numeral NUMERAL="5"
              Numeral NUMERAL="2"
            Numeral NUMERAL="3"
        IdUse ID="y"
          Sub
            Numeral NUMERAL="3"
            Div
              Numeral NUMERAL="5"
              Numeral NUMERAL="2"
