Error at line 5: symbol 'print' is already declared!
