Error at line 4: Function call 'x' does not point to function
