Error at line 3: Expected type BOOL but found INT
