Program
  List
    Func
      IdDecl
        Name ID="a"
        Opt
      List
      StmtBlock
        List
          IdDecl
            Name ID="x"
            Opt
              Numeral NUMERAL="0"
          IdDecl
            Name ID="y"
            Opt
          Assign
            IdUse
              Name ID="x"
            Add
              Mul
                Numeral NUMERAL="5"
                Numeral NUMERAL="2"
              Numeral NUMERAL="3"
          Assign
            IdUse
              Name ID="y"
            Add
              Numeral NUMERAL="3"
              Mul
                Numeral NUMERAL="5"
                Numeral NUMERAL="2"
