Program
  List
    Func
      IdDecl ID="a"
        Opt
      List
      StmtBlock
        List
          IdDecl ID="x"
            Opt
          IdDecl ID="y"
            Opt
          Assign
            IdUse ID="x"
            Numeral NUMERAL="5"
          Assign
            IdUse ID="y"
            IdUse ID="x"
