Program
  List
    Func
      Name ID="a"
      List
      List
        FuncCall
          Name ID="printf"
          List
