reach(fac) = {fac}
reach(f) = {fac, print}
reach(main) = {f, fac, print}
