Program
  List
    Func
      IdDecl ID="a"
        Opt
      List
      StmtBlock
        List
          IdDecl ID="x"
            Opt
          IdDecl ID="y"
            Opt
          Assign
            IdUse ID="x"
            Mul
              Numeral NUMERAL="5"
              Add
                Numeral NUMERAL="2"
                Numeral NUMERAL="3"
          Assign
            IdUse ID="y"
            Mul
              Add
                Numeral NUMERAL="3"
                Numeral NUMERAL="5"
              Numeral NUMERAL="2"
