digraph G {
gcd2 -> gcd2;
main -> print;
main -> gcd1;
main -> gcd2;
gcd1;
gcd2;
main;
}