Error at line 6: Wrong nbr of parameters supplied in calling hej
