Program
  List
    Func
      IdDecl ID="a"
      List
        IdDeclStmt
          IdDecl ID="z"
          Opt
        IdDeclStmt
          IdDecl ID="b"
          Opt
      StmtBlock
        List
          IdDeclStmt
            IdDecl ID="x"
            Opt
          IdDeclStmt
            IdDecl ID="y"
            Opt
          Assign
            IdUseExpr
              IdUse ID="x"
            Add
              Mul
                Numeral NUMERAL="5"
                Numeral NUMERAL="2"
              Numeral NUMERAL="3"
          Assign
            IdUseExpr
              IdUse ID="y"
            Add
              Numeral NUMERAL="3"
              Mul
                Numeral NUMERAL="5"
                Numeral NUMERAL="2"
