Error at line 0: symbol 'b' has not been declared before this use!
