Error at line 6: symbol 'a' has not been declared before this use!
